// Jest Snapshot v1, https://goo.gl/fbAQLP

exports[`Search Input Component Tests Renders a Search Input component 1`] = `"<input class=\\"input\\" placeholder=\\"Search by name\\">"`;
