// Jest Snapshot v1, https://goo.gl/fbAQLP

exports[`Student Name Component Tests Renders a Student Name component 1`] = `"<h1 class=\\"name\\">NATE WON</h1>"`;
